oyebamiji_pelu@cloudshell:~$ echo Blessing
Blessing
oyebamiji_pelu@cloudshell:~$ mkdir Blessing
oyebamiji_pelu@cloudshell:~$ mkdir biocomputing && cd biocomputing
oyebamiji_pelu@cloudshell:~/biocomputing$ wget https://raw.githubusercontent.com/josoga2/dataset-repos/main/wildtype.fna
--2025-08-29 19:19:13--  https://raw.githubusercontent.com/josoga2/dataset-repos/main/wildtype.fna
Resolving raw.githubusercontent.com (raw.githubusercontent.com)... 185.199.108.133, 185.199.109.133, 185.199.110.133, ...
Connecting to raw.githubusercontent.com (raw.githubusercontent.com)|185.199.108.133|:443... connected.
HTTP request sent, awaiting response... 200 OK
Length: 200694 (196K) [text/plain]
Saving to: ‘wildtype.fna’

wildtype.fna                      100%[==========================================================>] 195.99K  --.-KB/s    in 0.004s  

2025-08-29 19:19:13 (50.5 MB/s) - ‘wildtype.fna’ saved [200694/200694]

oyebamiji_pelu@cloudshell:~/biocomputing$ wget https://raw.githubusercontent.com/josoga2/dataset-repos/main/wildtype.gbk
--2025-08-29 19:19:36--  https://raw.githubusercontent.com/josoga2/dataset-repos/main/wildtype.gbk
Resolving raw.githubusercontent.com (raw.githubusercontent.com)... 185.199.108.133, 185.199.109.133, 185.199.110.133, ...
Connecting to raw.githubusercontent.com (raw.githubusercontent.com)|185.199.108.133|:443... connected.
HTTP request sent, awaiting response... 200 OK
Length: 399730 (390K) [text/plain]
Saving to: ‘wildtype.gbk’

wildtype.gbk                      100%[==========================================================>] 390.36K  --.-KB/s    in 0.007s  

2025-08-29 19:19:36 (52.6 MB/s) - ‘wildtype.gbk’ saved [399730/399730]

oyebamiji_pelu@cloudshell:~/biocomputing$ wget https://raw.githubusercontent.com/josoga2/dataset-repos/main/wildtype.gbk
--2025-08-29 19:20:10--  https://raw.githubusercontent.com/josoga2/dataset-repos/main/wildtype.gbk
Resolving raw.githubusercontent.com (raw.githubusercontent.com)... 185.199.108.133, 185.199.111.133, 185.199.109.133, ...
Connecting to raw.githubusercontent.com (raw.githubusercontent.com)|185.199.108.133|:443... connected.
HTTP request sent, awaiting response... 200 OK
Length: 399730 (390K) [text/plain]
Saving to: ‘wildtype.gbk.1’

wildtype.gbk.1                    100%[==========================================================>] 390.36K  --.-KB/s    in 0.009s  

2025-08-29 19:20:10 (44.7 MB/s) - ‘wildtype.gbk.1’ saved [399730/399730]

oyebamiji_pelu@cloudshell:~/biocomputing$ mv wildtype.fna /home/oyebamiji_pelu/Blessing
oyebamiji_pelu@cloudshell:~/biocomputing$ rm wildtype.gbk.1
oyebamiji_pelu@cloudshell:~/biocomputing$ cd ../
oyebamiji_pelu@cloudshell:~$ ls
biocomputing  Blessing  README-cloudshell.txt
oyebamiji_pelu@cloudshell:~$ cd Blessing
oyebamiji_pelu@cloudshell:~/Blessing$ grep "tatatata" wildtype.fna
atccacagcacctactactattactaagaacttaaaacctatataattatatataaacga
aattacttgaatattattcataatatattaacaactttattatactgctctttatatata
actatatataagtaaaacaatgatggacaatgactgtgaaaaagtatgtgatagaaacgt
aaggtatatataagattaaacattttaccttagataaagaaaatggtgcattatttaatc
gtatatatatttgccacgattgcatgtggttgtagtgcgatactgcaaggtttagcgacg
attatatatatcaattagaacattgatggttgttattacaggggaaggctcaaggtagtc
attatgcaaggtttagaagcagattcagattactaatatatataaaatttgggagtgata
gaaaaatatatataagtcattaactgtctctgcaattgttgcaacggtatcattaagtgc
aatactatatatataataccaattttaatgaaaatttttaagggaggtaaataatggaaa
tagttgtcgcgcttatatatatcttcttcaaagtaatttttgataagcgaattaaagatg
aatcgcccgggacgtattttaataatttttcagcagttatatatataggtagaggtgttt
ctttatccataatgatagccccctatatatatctttatttacttataccctaacattatt
atctttagcggatattgaaatttttccacatcaacacgggttcaaaattatatataacag
oyebamiji_pelu@cloudshell:~/Blessing$ grep "tatatata" wildtype.fna > mutant_lines.fna
oyebamiji_pelu@cloudshell:~/Blessing$ cd /home/oyebamiji_pelu/biocomputing
oyebamiji_pelu@cloudshell:~/biocomputing$ tail -n +2 wildtype.gbk | wc -l
5749
oyebamiji_pelu@cloudshell:~/biocomputing$ grep "^LOCUS" wildtype.gbk
LOCUS       Wildtype              197394 bp    DNA     linear       13-JUN-2016
oyebamiji_pelu@cloudshell:~/biocomputing$ grep "^SOURCE" wildtype.gbk
SOURCE      Staphylococcus aureus
oyebamiji_pelu@cloudshell:~/biocomputing$ grep '/gene="' wildtype.gbk | cut -d '"' -f 2
dnaA
dnaN
recF
gyrB
gyrA
nnrD
hutH
serS
ygaZ
metX
gdpP
rplI
dnaC
purA
walR
walK
yycI
yycJ
mggB
rlmH
pre
ble
knt
ugpQ
paaZ
pbp
mecR1
mecI
nagC
pspE_1
pksB
pspE_2
csoR
cadA
cadC
xerD
hin
tnpR
mcrB
emrY
dus
recD
plc
btr
yxeP
norB_1
lctP
spa
sarS
yfhA
yfiZ
yfiY
sbnA
arcB
iucC_1
tetA
iucA
iucC_2
garL
btrK
butA
wbgU
tuaA
wbnH
rfbX
sodM
treR
deoD
norB_2
deoC1
deoB
phnE_1
phnE_2
glnQ
phnD
yfkN
adhE
cap8A
ywqD
ywqE
pglF
capD
wbjC
wbpI
maa
epsL
gnu
wecC
mnaA
isdI
ybaN
aldA
czcD
cmpD
cmpC
ssuC
srfAB
sfp
yagU
argB
argJ
argC
rocD2
brnQ
yecD
ipdC
ptsG
oyebamiji_pelu@cloudshell:clear
oyebamiji_pelu@cloudshell:history
oyebamiji_pelu@cloudshell:~/biocomputing$ cd /home/oyebamiji_pelu/
oyebamiji_pelu@cloudshell:~$ ls biocomputing Blessing
biocomputing:
wildtype.gbk

Blessing:
mutant_lines.fna  wildtype.fna


(base) oyebamiji_pelu@cloudshell:~$ conda activate base
(base) oyebamiji_pelu@cloudshell:~$ source /home/oyebamiji_pelu/ENTER/bin/activate base
(base) oyebamiji_pelu@cloudshell:~$ conda create --name funtools
2 channel Terms of Service accepted
Channels:
 - conda-forge
 - bioconda
 - defaults
Platform: linux-64
Collecting package metadata (repodata.json): done
Solving environment: done

## Package Plan ##

  environment location: /home/oyebamiji_pelu/ENTER/envs/funtools



Proceed ([y]/n)? y


Downloading and Extracting Packages:

Preparing transaction: done
Verifying transaction: done
Executing transaction: done
#
# To activate this environment, use
#
#     $ conda activate funtools
#
# To deactivate an active environment, use
#
#     $ conda deactivate

(base) oyebamiji_pelu@cloudshell:~$ conda activate funtools
(funtools) oyebamiji_pelu@cloudshell:~$ conda install -c conda-forge figlet
2 channel Terms of Service accepted
Channels:
 - conda-forge
 - bioconda
 - defaults
Platform: linux-64
Collecting package metadata (repodata.json): done
Solving environment: failed

PackagesNotFoundError: The following packages are not available from current channels:

  - figlet

Current channels:

  - https://conda.anaconda.org/conda-forge
  - https://conda.anaconda.org/bioconda
  - defaults

To search for alternate channels that may provide the conda package you're
looking for, navigate to

    https://anaconda.org

and use the search bar at the top of the page.


(funtools) oyebamiji_pelu@cloudshell:~$ figlet Blessing
bash: figlet: command not found
(funtools) oyebamiji_pelu@cloudshell:~$ sudo apt-get update
sudo apt-get install figlet
********************************************************************************
You are running apt-get inside of Cloud Shell. Note that your Cloud Shell  
machine is ephemeral and no system-wide change will persist beyond session end. 

To suppress this warning, create an empty ~/.cloudshell/no-apt-get-warning file.
The command will automatically proceed in 5 seconds or on any key. 

Visit https://cloud.google.com/shell/help for more information.                 
********************************************************************************
Hit:1 https://cli.github.com/packages stable InRelease
Hit:2 https://download.docker.com/linux/ubuntu noble InRelease                                                    
Get:3 https://packages.cloud.google.com/apt gcsfuse-noble InRelease [1,227 B]                                     
Get:4 https://apt.postgresql.org/pub/repos/apt noble-pgdg InRelease [107 kB]                                      
Hit:5 http://archive.ubuntu.com/ubuntu noble InRelease                                                            
Get:6 http://security.ubuntu.com/ubuntu noble-security InRelease [126 kB]                                         
Hit:7 https://ppa.launchpadcontent.net/dotnet/backports/ubuntu noble InRelease                                    
Get:8 https://packages.cloud.google.com/apt cloud-sdk InRelease [1,620 B]                                         
Get:9 http://archive.ubuntu.com/ubuntu noble-updates InRelease [126 kB]                                           
Get:10 https://repo.mongodb.org/apt/ubuntu noble/mongodb-org/8.0 InRelease [3,005 B]      
Get:11 http://archive.ubuntu.com/ubuntu noble-backports InRelease [126 kB]                
Get:12 https://packages.cloud.google.com/apt cloud-sdk/main all Packages [1,809 kB]
Get:13 https://packages.cloud.google.com/apt cloud-sdk/main amd64 Packages [4,101 kB]
Get:14 https://apt.postgresql.org/pub/repos/apt noble-pgdg/main amd64 Packages [545 kB]
Get:15 https://repo.mongodb.org/apt/ubuntu noble/mongodb-org/8.0/multiverse amd64 Packages [47.3 kB]
Get:16 http://security.ubuntu.com/ubuntu noble-security/main amd64 Packages [1,392 kB]
Get:17 http://archive.ubuntu.com/ubuntu noble-updates/universe amd64 Packages [1,907 kB]
Get:18 http://security.ubuntu.com/ubuntu noble-security/universe amd64 Packages [1,137 kB]
Get:19 http://security.ubuntu.com/ubuntu noble-security/restricted amd64 Packages [2,134 kB]   
Get:20 http://archive.ubuntu.com/ubuntu noble-updates/restricted amd64 Packages [2,261 kB]       
Get:21 http://archive.ubuntu.com/ubuntu noble-updates/main amd64 Packages [1,748 kB]
Fetched 17.6 MB in 3s (5,399 kB/s)                             
Reading package lists... Done
********************************************************************************
You are running apt-get inside of Cloud Shell. Note that your Cloud Shell  
machine is ephemeral and no system-wide change will persist beyond session end. 

To suppress this warning, create an empty ~/.cloudshell/no-apt-get-warning file.
The command will automatically proceed in 5 seconds or on any key. 

Visit https://cloud.google.com/shell/help for more information.                 
********************************************************************************
Reading package lists... Done
Building dependency tree... Done
Reading state information... Done
The following NEW packages will be installed:
  figlet
0 upgraded, 1 newly installed, 0 to remove and 21 not upgraded.
Need to get 133 kB of archives.
After this operation, 752 kB of additional disk space will be used.
Get:1 http://archive.ubuntu.com/ubuntu noble/universe amd64 figlet amd64 2.2.5-3 [133 kB]
Fetched 133 kB in 0s (289 kB/s) 
debconf: delaying package configuration, since apt-utils is not installed
Selecting previously unselected package figlet.
(Reading database ... 127165 files and directories currently installed.)
Preparing to unpack .../figlet_2.2.5-3_amd64.deb ...
Unpacking figlet (2.2.5-3) ...
Setting up figlet (2.2.5-3) ...
update-alternatives: using /usr/bin/figlet-figlet to provide /usr/bin/figlet (figlet) in auto mode
update-alternatives: warning: skip creation of /usr/share/man/man6/figlet.6.gz because associated file /usr/share/man/man6/figlet-figlet.6.gz (of link group figlet) doesn't exist
Processing triggers for man-db (2.12.0-4build2) ...
(funtools) oyebamiji_pelu@cloudshell:~$ figlet Blessing
 ____  _               _             
| __ )| | ___  ___ ___(_)_ __   __ _ 
|  _ \| |/ _ \/ __/ __| | '_ \ / _` |
| |_) | |  __/\__ \__ \ | | | | (_| |
|____/|_|\___||___/___/_|_| |_|\__, |
                               |___/ 
(funtools) oyebamiji_pelu@cloudshell:~$ conda install bwa
2 channel Terms of Service accepted
Channels:
 - conda-forge
 - bioconda
 - defaults
Platform: linux-64
Collecting package metadata (repodata.json): done
Solving environment: done

## Package Plan ##

  environment location: /home/oyebamiji_pelu/ENTER/envs/funtools

  added / updated specs:
    - bwa


The following packages will be downloaded:

    package                    |            build
    ---------------------------|-----------------
    _libgcc_mutex-0.1          |      conda_forge           3 KB  conda-forge
    _openmp_mutex-4.5          |            2_gnu          23 KB  conda-forge
    bwa-0.7.19                 |       h577a1d6_1         639 KB  bioconda
    libgcc-15.1.0              |       h767d61c_4         805 KB  conda-forge
    libgcc-ng-15.1.0           |       h69a702a_4          29 KB  conda-forge
    libgomp-15.1.0             |       h767d61c_4         437 KB  conda-forge
    libxcrypt-4.4.36           |       hd590300_1          98 KB  conda-forge
    libzlib-1.3.1              |       hb9d3cd8_2          60 KB  conda-forge
    perl-5.32.1                | 7_hd590300_perl5        12.7 MB  conda-forge
    ------------------------------------------------------------
                                           Total:        14.8 MB

The following NEW packages will be INSTALLED:

  _libgcc_mutex      conda-forge/linux-64::_libgcc_mutex-0.1-conda_forge 
  _openmp_mutex      conda-forge/linux-64::_openmp_mutex-4.5-2_gnu 
  bwa                bioconda/linux-64::bwa-0.7.19-h577a1d6_1 
  libgcc             conda-forge/linux-64::libgcc-15.1.0-h767d61c_4 
  libgcc-ng          conda-forge/linux-64::libgcc-ng-15.1.0-h69a702a_4 
  libgomp            conda-forge/linux-64::libgomp-15.1.0-h767d61c_4 
  libxcrypt          conda-forge/linux-64::libxcrypt-4.4.36-hd590300_1 
  libzlib            conda-forge/linux-64::libzlib-1.3.1-hb9d3cd8_2 
  perl               conda-forge/linux-64::perl-5.32.1-7_hd590300_perl5 


Proceed ([y]/n)? y


Downloading and Extracting Packages:
                                                                                                                   
Preparing transaction: done                                                                                        
Verifying transaction: done                                                                                        
Executing transaction: done                                                                                        
(funtools) oyebamiji_pelu@cloudshell:~$ conda install blast                                                        
2 channel Terms of Service accepted                                                                                
Channels:                                                                                                          
 - conda-forge                                                                                                     
 - bioconda                                                                                                        
 - defaults
Platform: linux-64
Collecting package metadata (repodata.json): done
Solving environment: done

## Package Plan ##

  environment location: /home/oyebamiji_pelu/ENTER/envs/funtools

  added / updated specs:
    - blast


The following packages will be downloaded:

    package                    |            build
    ---------------------------|-----------------
    blast-2.17.0               |       h66d330f_0        80.9 MB  bioconda
    bzip2-1.0.8                |       h4bc722e_7         247 KB  conda-forge
    c-ares-1.34.5              |       hb9d3cd8_0         202 KB  conda-forge
    ca-certificates-2025.8.3   |       hbd8a1cb_0         151 KB  conda-forge
    curl-8.14.1                |       h332b0f4_0         176 KB  conda-forge
    entrez-direct-24.0         |       he881be0_0        16.3 MB  bioconda
    keyutils-1.6.3             |       hb9d3cd8_0         131 KB  conda-forge
    krb5-1.21.3                |       h659f571_0         1.3 MB  conda-forge
    libasprintf-0.25.1         |       h3f43e3d_1          52 KB  conda-forge
    libcurl-8.14.1             |       h332b0f4_0         439 KB  conda-forge
    libedit-3.1.20250104       | pl5321h7949ede_0         132 KB  conda-forge
    libev-4.33                 |       hd590300_2         110 KB  conda-forge
    libgettextpo-0.25.1        |       h3f43e3d_1         184 KB  conda-forge
    libiconv-1.18              |       h3b78370_2         772 KB  conda-forge
    libidn2-2.3.8              |       ha4ef2c3_0         135 KB  conda-forge
    libnghttp2-1.64.0          |       h161d5f1_0         632 KB  conda-forge
    libsqlite-3.50.4           |       h0c1763c_0         911 KB  conda-forge
    libssh2-1.11.1             |       hcf80075_0         298 KB  conda-forge
    libstdcxx-15.1.0           |       h8f9b012_4         3.7 MB  conda-forge
    libstdcxx-ng-15.1.0        |       h4852527_4          29 KB  conda-forge
    libunistring-0.9.10        |       h7f98852_0         1.4 MB  conda-forge
    ncbi-vdb-3.2.1             |       h9948957_0        10.6 MB  bioconda
    ncurses-6.5                |       h2d0b736_3         871 KB  conda-forge
    openssl-3.5.2              |       h26f9b46_0         3.0 MB  conda-forge
    perl-archive-tar-3.04      | pl5321hdfd78af_0          34 KB  bioconda
    perl-carp-1.50             | pl5321hd8ed1ab_0          22 KB  conda-forge
    perl-common-sense-3.75     | pl5321hd8ed1ab_0          20 KB  conda-forge
    perl-compress-raw-bzip2-2.213| pl5321hda65f42_0          54 KB  conda-forge
    perl-compress-raw-zlib-2.213| pl5321h4dac143_0          79 KB  conda-forge
    perl-encode-3.21           | pl5321hb9d3cd8_1         1.7 MB  conda-forge
    perl-exporter-5.74         | pl5321hd8ed1ab_0          19 KB  conda-forge
    perl-exporter-tiny-1.002002| pl5321hd8ed1ab_0          28 KB  conda-forge
    perl-extutils-makemaker-7.70| pl5321hd8ed1ab_0         154 KB  conda-forge
    perl-io-compress-2.213     | pl5321h503566f_0          85 KB  bioconda
    perl-io-zlib-1.15          | pl5321hdfd78af_1          12 KB  bioconda
    perl-json-4.10             | pl5321hdfd78af_1          56 KB  bioconda
    perl-json-xs-4.03          | pl5321h9948957_4          73 KB  bioconda
    perl-list-moreutils-0.430  | pl5321hdfd78af_0          32 KB  bioconda
    perl-list-moreutils-xs-0.430| pl5321h7b50bb2_5          50 KB  bioconda
    perl-parent-0.243          | pl5321hd8ed1ab_0          14 KB  conda-forge
    perl-pathtools-3.75        | pl5321hb9d3cd8_2          49 KB  conda-forge
    perl-scalar-list-utils-1.70| pl5321hb03c661_0          51 KB  conda-forge
    perl-storable-3.15         | pl5321hb9d3cd8_2          70 KB  conda-forge
    perl-types-serialiser-1.01 | pl5321hdfd78af_0          13 KB  bioconda
    wget-1.21.4                |       hda4d442_0         752 KB  conda-forge
    zlib-1.3.1                 |       hb9d3cd8_2          90 KB  conda-forge
    zstd-1.5.7                 |       hb8e6e7a_2         554 KB  conda-forge
    ------------------------------------------------------------
                                           Total:       126.4 MB

The following NEW packages will be INSTALLED:

  blast              bioconda/linux-64::blast-2.17.0-h66d330f_0 
  bzip2              conda-forge/linux-64::bzip2-1.0.8-h4bc722e_7 
  c-ares             conda-forge/linux-64::c-ares-1.34.5-hb9d3cd8_0 
  ca-certificates    conda-forge/noarch::ca-certificates-2025.8.3-hbd8a1cb_0 
  curl               conda-forge/linux-64::curl-8.14.1-h332b0f4_0 
  entrez-direct      bioconda/linux-64::entrez-direct-24.0-he881be0_0 
  keyutils           conda-forge/linux-64::keyutils-1.6.3-hb9d3cd8_0 
  krb5               conda-forge/linux-64::krb5-1.21.3-h659f571_0 
  libasprintf        conda-forge/linux-64::libasprintf-0.25.1-h3f43e3d_1 
  libcurl            conda-forge/linux-64::libcurl-8.14.1-h332b0f4_0 
  libedit            conda-forge/linux-64::libedit-3.1.20250104-pl5321h7949ede_0 
  libev              conda-forge/linux-64::libev-4.33-hd590300_2 
  libgettextpo       conda-forge/linux-64::libgettextpo-0.25.1-h3f43e3d_1 
  libiconv           conda-forge/linux-64::libiconv-1.18-h3b78370_2 
  libidn2            conda-forge/linux-64::libidn2-2.3.8-ha4ef2c3_0 
  libnghttp2         conda-forge/linux-64::libnghttp2-1.64.0-h161d5f1_0 
  libsqlite          conda-forge/linux-64::libsqlite-3.50.4-h0c1763c_0 
  libssh2            conda-forge/linux-64::libssh2-1.11.1-hcf80075_0 
  libstdcxx          conda-forge/linux-64::libstdcxx-15.1.0-h8f9b012_4 
  libstdcxx-ng       conda-forge/linux-64::libstdcxx-ng-15.1.0-h4852527_4 
  libunistring       conda-forge/linux-64::libunistring-0.9.10-h7f98852_0 
  ncbi-vdb           bioconda/linux-64::ncbi-vdb-3.2.1-h9948957_0 
  ncurses            conda-forge/linux-64::ncurses-6.5-h2d0b736_3 
  openssl            conda-forge/linux-64::openssl-3.5.2-h26f9b46_0 
  perl-archive-tar   bioconda/noarch::perl-archive-tar-3.04-pl5321hdfd78af_0 
  perl-carp          conda-forge/noarch::perl-carp-1.50-pl5321hd8ed1ab_0 
  perl-common-sense  conda-forge/noarch::perl-common-sense-3.75-pl5321hd8ed1ab_0 
  perl-compress-raw~ conda-forge/linux-64::perl-compress-raw-bzip2-2.213-pl5321hda65f42_0 
  perl-compress-raw~ conda-forge/linux-64::perl-compress-raw-zlib-2.213-pl5321h4dac143_0 
  perl-encode        conda-forge/linux-64::perl-encode-3.21-pl5321hb9d3cd8_1 
  perl-exporter      conda-forge/noarch::perl-exporter-5.74-pl5321hd8ed1ab_0 
  perl-exporter-tiny conda-forge/noarch::perl-exporter-tiny-1.002002-pl5321hd8ed1ab_0 
  perl-extutils-mak~ conda-forge/noarch::perl-extutils-makemaker-7.70-pl5321hd8ed1ab_0 
  perl-io-compress   bioconda/linux-64::perl-io-compress-2.213-pl5321h503566f_0 
  perl-io-zlib       bioconda/noarch::perl-io-zlib-1.15-pl5321hdfd78af_1 
  perl-json          bioconda/noarch::perl-json-4.10-pl5321hdfd78af_1 
  perl-json-xs       bioconda/linux-64::perl-json-xs-4.03-pl5321h9948957_4 
  perl-list-moreuti~ bioconda/noarch::perl-list-moreutils-0.430-pl5321hdfd78af_0 
  perl-list-moreuti~ bioconda/linux-64::perl-list-moreutils-xs-0.430-pl5321h7b50bb2_5 
  perl-parent        conda-forge/noarch::perl-parent-0.243-pl5321hd8ed1ab_0 
  perl-pathtools     conda-forge/linux-64::perl-pathtools-3.75-pl5321hb9d3cd8_2 
  perl-scalar-list-~ conda-forge/linux-64::perl-scalar-list-utils-1.70-pl5321hb03c661_0 
  perl-storable      conda-forge/linux-64::perl-storable-3.15-pl5321hb9d3cd8_2 
  perl-types-serial~ bioconda/noarch::perl-types-serialiser-1.01-pl5321hdfd78af_0 
  wget               conda-forge/linux-64::wget-1.21.4-hda4d442_0 
  zlib               conda-forge/linux-64::zlib-1.3.1-hb9d3cd8_2 
  zstd               conda-forge/linux-64::zstd-1.5.7-hb8e6e7a_2 


Proceed ([y]/n)? y


Downloading and Extracting Packages:
                                                                                                                   
Preparing transaction: done                                                                                        
Verifying transaction: done                                                                                        
Executing transaction: done                                                                                        
(funtools) oyebamiji_pelu@cloudshell:~$ conda install samtools                                                     
2 channel Terms of Service accepted                                                                                
Channels:                                                                                                          
 - conda-forge                                                                                                     
 - bioconda                                                                                                        
 - defaults                                                                                                        
Platform: linux-64                                                                                                 
Collecting package metadata (repodata.json): done                                                                  
Solving environment: done                                                                                          
                                                                                                                   
## Package Plan ##                                                                                                 
                                                                                                                   
  environment location: /home/oyebamiji_pelu/ENTER/envs/funtools

  added / updated specs:
    - samtools


The following packages will be downloaded:

    package                    |            build
    ---------------------------|-----------------
    htslib-1.22.1              |       h566b1c6_0         3.1 MB  bioconda
    libdeflate-1.24            |       h86f0d12_0          71 KB  conda-forge
    liblzma-5.8.1              |       hb9d3cd8_2         110 KB  conda-forge
    samtools-1.22.1            |       h96c455f_0         488 KB  bioconda
    ------------------------------------------------------------
                                           Total:         3.8 MB

The following NEW packages will be INSTALLED:

  htslib             bioconda/linux-64::htslib-1.22.1-h566b1c6_0 
  libdeflate         conda-forge/linux-64::libdeflate-1.24-h86f0d12_0 
  liblzma            conda-forge/linux-64::liblzma-5.8.1-hb9d3cd8_2 
  samtools           bioconda/linux-64::samtools-1.22.1-h96c455f_0 


Proceed ([y]/n)? y


Downloading and Extracting Packages:
                                                                                                                   
Preparing transaction: done                                                                                        
Verifying transaction: done                                                                                        
Executing transaction: done                                                                                        
(funtools) oyebamiji_pelu@cloudshell:~$ conda install bedtools
2 channel Terms of Service accepted
Channels:
 - conda-forge
 - bioconda
 - defaults
Platform: linux-64
Collecting package metadata (repodata.json): done
Solving environment: done

## Package Plan ##

  environment location: /home/oyebamiji_pelu/ENTER/envs/funtools

  added / updated specs:
    - bedtools


The following packages will be downloaded:

    package                    |            build
    ---------------------------|-----------------
    bedtools-2.31.1            |       h13024bc_3         1.5 MB  bioconda
    ------------------------------------------------------------
                                           Total:         1.5 MB

The following NEW packages will be INSTALLED:

  bedtools           bioconda/linux-64::bedtools-2.31.1-h13024bc_3 


Proceed ([y]/n)? y


Downloading and Extracting Packages:
                                                                                                                   
Preparing transaction: done
Verifying transaction: done
Executing transaction: done
(funtools) oyebamiji_pelu@cloudshell:~$ conda install spades
2 channel Terms of Service accepted
Channels:
 - conda-forge
 - bioconda
 - defaults
Platform: linux-64
Collecting package metadata (repodata.json): done
Solving environment: done

## Package Plan ##

  environment location: /home/oyebamiji_pelu/ENTER/envs/funtools

  added / updated specs:
    - spades


The following packages will be downloaded:

    package                    |            build
    ---------------------------|-----------------
    ld_impl_linux-64-2.44      |       h1423503_1         660 KB  conda-forge
    libexpat-2.7.1             |       hecca717_0          73 KB  conda-forge
    libffi-3.4.6               |       h2dba641_1          56 KB  conda-forge
    libgfortran-15.1.0         |       h69a702a_4          29 KB  conda-forge
    libgfortran-ng-15.1.0      |       h69a702a_4          29 KB  conda-forge
    libgfortran5-15.1.0        |       hcea5267_4         1.5 MB  conda-forge
    libmpdec-4.0.0             |       hb9d3cd8_0          89 KB  conda-forge
    libuuid-2.38.1             |       h0b41bf4_0          33 KB  conda-forge
    mpi-1.0                    |          openmpi           4 KB  conda-forge
    openmpi-4.1.6              |     hc5af2df_101         3.9 MB  conda-forge
    pip-25.2                   |     pyh145f28c_0         1.1 MB  conda-forge
    python-3.13.5              |hec9711d_102_cp313        31.7 MB  conda-forge
    python_abi-3.13            |          8_cp313           7 KB  conda-forge
    readline-8.2               |       h8c095d6_2         276 KB  conda-forge
    spades-4.2.0               |       h8d6e82b_1        32.6 MB  bioconda
    tk-8.6.13                  |noxft_hd72426e_102         3.1 MB  conda-forge
    tzdata-2025b               |       h78e105d_0         120 KB  conda-forge
    ------------------------------------------------------------
                                           Total:        75.3 MB

The following NEW packages will be INSTALLED:

  ld_impl_linux-64   conda-forge/linux-64::ld_impl_linux-64-2.44-h1423503_1 
  libexpat           conda-forge/linux-64::libexpat-2.7.1-hecca717_0 
  libffi             conda-forge/linux-64::libffi-3.4.6-h2dba641_1 
  libgfortran        conda-forge/linux-64::libgfortran-15.1.0-h69a702a_4 
  libgfortran-ng     conda-forge/linux-64::libgfortran-ng-15.1.0-h69a702a_4 
  libgfortran5       conda-forge/linux-64::libgfortran5-15.1.0-hcea5267_4 
  libmpdec           conda-forge/linux-64::libmpdec-4.0.0-hb9d3cd8_0 
  libuuid            conda-forge/linux-64::libuuid-2.38.1-h0b41bf4_0 
  mpi                conda-forge/linux-64::mpi-1.0-openmpi 
  openmpi            conda-forge/linux-64::openmpi-4.1.6-hc5af2df_101 
  pip                conda-forge/noarch::pip-25.2-pyh145f28c_0 
  python             conda-forge/linux-64::python-3.13.5-hec9711d_102_cp313 
  python_abi         conda-forge/noarch::python_abi-3.13-8_cp313 
  readline           conda-forge/linux-64::readline-8.2-h8c095d6_2 
  spades             bioconda/linux-64::spades-4.2.0-h8d6e82b_1 
  tk                 conda-forge/linux-64::tk-8.6.13-noxft_hd72426e_102 
  tzdata             conda-forge/noarch::tzdata-2025b-h78e105d_0 


Proceed ([y]/n)? y


Downloading and Extracting Packages:
                                                                                                                   
Preparing transaction: done                                                                                        
Verifying transaction: done                                                                                        
Executing transaction: \                                                                                           
For Linux 64, Open MPI is built with CUDA awareness but this support is disabled by default.                       
To enable it, please set the environment variable OMPI_MCA_opal_cuda_support=true before                           
launching your MPI processes. Equivalently, you can set the MCA parameter in the command line:                     
mpiexec --mca opal_cuda_support 1 ...                                                                              
                                                                                                                   
In addition, the UCX support is also built but disabled by default.                                                
To enable it, first install UCX (conda install -c conda-forge ucx). Then, set the environment                      
variables OMPI_MCA_pml="ucx" OMPI_MCA_osc="ucx" before launching your MPI processes.                               
Equivalently, you can set the MCA parameters in the command line:                                                  
mpiexec --mca pml ucx --mca osc ucx ...                                                                            
Note that you might also need to set UCX_MEMTYPE_CACHE=n for CUDA awareness via UCX.                               
Please consult UCX's documentation for detail.                                                                     
                      

done
(funtools) oyebamiji_pelu@cloudshell:~$ conda install fastp
2 channel Terms of Service accepted
Channels:
 - conda-forge
 - bioconda
 - defaults
Platform: linux-64
Collecting package metadata (repodata.json): done
Solving environment: done

## Package Plan ##

  environment location: /home/oyebamiji_pelu/ENTER/envs/funtools

  added / updated specs:
    - fastp


The following packages will be downloaded:

    package                    |            build
    ---------------------------|-----------------
    fastp-1.0.1                |       heae3180_0         264 KB  bioconda
    isa-l-2.31.1               |       hb9d3cd8_1         154 KB  conda-forge
    ------------------------------------------------------------
                                           Total:         418 KB

The following NEW packages will be INSTALLED:

  fastp              bioconda/linux-64::fastp-1.0.1-heae3180_0 
  isa-l              conda-forge/linux-64::isa-l-2.31.1-hb9d3cd8_1 


Proceed ([y]/n)? y


Downloading and Extracting Packages:
                                                                                                                   
Preparing transaction: done                                                                                        
Verifying transaction: done
Executing transaction: done
(funtools) oyebamiji_pelu@cloudshell:~$ conda install multiqc
2 channel Terms of Service accepted
Channels:
 - conda-forge
 - bioconda
 - defaults
Platform: linux-64
Collecting package metadata (repodata.json): done
Solving environment: done

## Package Plan ##

  environment location: /home/oyebamiji_pelu/ENTER/envs/funtools

  added / updated specs:
    - multiqc


The following packages will be downloaded:

    package                    |            build
    ---------------------------|-----------------
    _python_abi3_support-1.0   |       hd8ed1ab_2           8 KB  conda-forge
    annotated-types-0.7.0      |     pyhd8ed1ab_1          18 KB  conda-forge
    attrs-25.3.0               |     pyh71513ae_0          56 KB  conda-forge
    brotli-python-1.1.0        |  py313h46c70d0_3         342 KB  conda-forge
    certifi-2025.8.3           |     pyhd8ed1ab_0         155 KB  conda-forge
    cffi-1.17.1                |  py313hfab6e84_0         289 KB  conda-forge
    charset-normalizer-3.4.3   |     pyhd8ed1ab_0          50 KB  conda-forge
    click-8.2.1                |     pyh707e725_0          86 KB  conda-forge
    colorama-0.4.6             |     pyhd8ed1ab_1          26 KB  conda-forge
    coloredlogs-15.0.1         |     pyhd8ed1ab_4          43 KB  conda-forge
    colormath-3.0.0            |     pyhd8ed1ab_4          38 KB  conda-forge
    cpython-3.13.5             |py313hd8ed1ab_102          46 KB  conda-forge
    expat-2.7.1                |       hecca717_0         138 KB  conda-forge
    font-ttf-dejavu-sans-mono-2.37|       hab24e00_0         388 KB  conda-forge
    font-ttf-inconsolata-3.000 |       h77eed37_0          94 KB  conda-forge
    font-ttf-source-code-pro-2.038|       h77eed37_0         684 KB  conda-forge
    font-ttf-ubuntu-0.83       |       h77eed37_3         1.5 MB  conda-forge
    fontconfig-2.15.0          |       h7e30c49_1         259 KB  conda-forge
    fonts-conda-forge-1        |                0           4 KB  conda-forge
    freetype-2.13.3            |       ha770c72_1         168 KB  conda-forge
    h2-4.3.0                   |     pyhcf101f3_0          94 KB  conda-forge
    hpack-4.1.0                |     pyhd8ed1ab_0          30 KB  conda-forge
    humanfriendly-10.0         |     pyh707e725_8          72 KB  conda-forge
    humanize-4.13.0            |     pyhd8ed1ab_0          66 KB  conda-forge
    hyperframe-6.1.0           |     pyhd8ed1ab_0          17 KB  conda-forge
    idna-3.10                  |     pyhd8ed1ab_1          49 KB  conda-forge
    importlib-metadata-8.7.0   |     pyhe01879c_1          34 KB  conda-forge
    jinja2-3.1.6               |     pyhd8ed1ab_0         110 KB  conda-forge
    jsonschema-4.25.1          |     pyhe01879c_0          80 KB  conda-forge
    jsonschema-specifications-2025.4.1|     pyh29332c3_0          19 KB  conda-forge
    kaleido-core-0.2.1         |       h3644ca4_0        59.2 MB  conda-forge
    lcms2-2.17                 |       h717163a_0         242 KB  conda-forge
    lerc-4.0.0                 |       h0aef613_1         258 KB  conda-forge
    libblas-3.9.0              |34_h59b9bed_openblas          19 KB  conda-forge
    libcblas-3.9.0             |34_he106b2a_openblas          19 KB  conda-forge
    libfreetype-2.13.3         |       ha770c72_1           8 KB  conda-forge
    libfreetype6-2.13.3        |       h48d6fc4_1         371 KB  conda-forge
    libjpeg-turbo-3.1.0        |       hb9d3cd8_0         614 KB  conda-forge
    liblapack-3.9.0            |34_h7ac8fdf_openblas          19 KB  conda-forge
    libopenblas-0.3.30         |pthreads_h94d23a6_2         5.7 MB  conda-forge
    libpng-1.6.50              |       h421ea60_1         310 KB  conda-forge
    libtiff-4.7.0              |       h8261f1e_6         423 KB  conda-forge
    libwebp-base-1.6.0         |       hd42ef1d_0         419 KB  conda-forge
    libxcb-1.17.0              |       h8a09558_0         387 KB  conda-forge
    markdown-3.8.2             |     pyhd8ed1ab_0          78 KB  conda-forge
    markdown-it-py-4.0.0       |     pyhd8ed1ab_0          63 KB  conda-forge
    markupsafe-3.0.2           |  py313h8060acc_1          24 KB  conda-forge
    mathjax-2.7.7              |       ha770c72_3        21.2 MB  conda-forge
    mdurl-0.1.2                |     pyhd8ed1ab_1          14 KB  conda-forge
    multiqc-1.30               |     pyhdfd78af_1         3.4 MB  bioconda
    narwhals-2.2.0             |     pyhcf101f3_0         243 KB  conda-forge
    natsort-8.4.0              |     pyh29332c3_1          38 KB  conda-forge
    networkx-3.5               |     pyhe01879c_0         1.5 MB  conda-forge
    nspr-4.37                  |       h29cc59b_0         226 KB  conda-forge
    nss-3.115                  |       hc3c8bcf_0         1.9 MB  conda-forge
    numpy-2.3.2                |  py313hf6604e3_2         8.5 MB  conda-forge
    openjpeg-2.5.3             |       h55fea9a_1         349 KB  conda-forge
    packaging-25.0             |     pyh29332c3_1          61 KB  conda-forge
    pillow-11.3.0              |  py313h8db990d_0        40.7 MB  conda-forge
    plotly-6.3.0               |     pyhd8ed1ab_0         4.7 MB  conda-forge
    polars-lts-cpu-1.32.3      |   py39h5734d0f_0        30.0 MB  conda-forge
    pthread-stubs-0.4          |    hb9d3cd8_1002           8 KB  conda-forge
    pyaml-env-1.2.2            |     pyhd8ed1ab_0          14 KB  conda-forge
    pycparser-2.22             |     pyh29332c3_1         108 KB  conda-forge
    pydantic-2.11.7            |     pyh3cfb1c2_0         300 KB  conda-forge
    pydantic-core-2.33.2       |  py313h4b2b08d_0         1.8 MB  conda-forge
    pygments-2.19.2            |     pyhd8ed1ab_0         868 KB  conda-forge
    pysocks-1.7.1              |     pyha55dd90_7          21 KB  conda-forge
    python-dotenv-1.1.1        |     pyhe01879c_0          25 KB  conda-forge
    python-gil-3.13.5          |     h4df99d1_102          46 KB  conda-forge
    python-kaleido-0.2.1       |     pyhd8ed1ab_0          18 KB  conda-forge
    pyyaml-6.0.2               |  py313h8060acc_2         201 KB  conda-forge
    referencing-0.36.2         |     pyh29332c3_0          50 KB  conda-forge
    regex-2025.7.34            |  py313h07c4f96_0         399 KB  conda-forge
    requests-2.32.5            |     pyhd8ed1ab_0          58 KB  conda-forge
    rich-14.1.0                |     pyhe01879c_0         196 KB  conda-forge
    rich-click-1.8.9           |     pyhd8ed1ab_0          34 KB  conda-forge
    rpds-py-0.27.1             |  py313h843e2db_0         380 KB  conda-forge
    spectra-0.0.11             |     pyhd8ed1ab_2          22 KB  conda-forge
    sqlite-3.50.4              |       hbc0de68_0         162 KB  conda-forge
    tiktoken-0.9.0             |  py313h3f234b3_0         946 KB  conda-forge
    tqdm-4.67.1                |     pyhd8ed1ab_1          87 KB  conda-forge
    typeguard-4.4.4            |     pyhd8ed1ab_0          34 KB  conda-forge
    typing-extensions-4.15.0   |       h396c80c_0          89 KB  conda-forge
    typing-inspection-0.4.1    |     pyhd8ed1ab_0          18 KB  conda-forge
    typing_extensions-4.15.0   |     pyhcf101f3_0          50 KB  conda-forge
    urllib3-2.5.0              |     pyhd8ed1ab_0          99 KB  conda-forge
    xorg-libxau-1.0.12         |       hb9d3cd8_0          14 KB  conda-forge
    xorg-libxdmcp-1.1.5        |       hb9d3cd8_0          19 KB  conda-forge
    yaml-0.2.5                 |       h280c20c_3          83 KB  conda-forge
    zipp-3.23.0                |     pyhd8ed1ab_0          22 KB  conda-forge
    zstandard-0.23.0           |  py313h07c4f96_3         481 KB  conda-forge
    ------------------------------------------------------------
                                           Total:       192.4 MB

The following NEW packages will be INSTALLED:

  _python_abi3_supp~ conda-forge/noarch::_python_abi3_support-1.0-hd8ed1ab_2 
  annotated-types    conda-forge/noarch::annotated-types-0.7.0-pyhd8ed1ab_1 
  attrs              conda-forge/noarch::attrs-25.3.0-pyh71513ae_0 
  brotli-python      conda-forge/linux-64::brotli-python-1.1.0-py313h46c70d0_3 
  certifi            conda-forge/noarch::certifi-2025.8.3-pyhd8ed1ab_0 
  cffi               conda-forge/linux-64::cffi-1.17.1-py313hfab6e84_0 
  charset-normalizer conda-forge/noarch::charset-normalizer-3.4.3-pyhd8ed1ab_0 
  click              conda-forge/noarch::click-8.2.1-pyh707e725_0 
  colorama           conda-forge/noarch::colorama-0.4.6-pyhd8ed1ab_1 
  coloredlogs        conda-forge/noarch::coloredlogs-15.0.1-pyhd8ed1ab_4 
  colormath          conda-forge/noarch::colormath-3.0.0-pyhd8ed1ab_4 
  cpython            conda-forge/noarch::cpython-3.13.5-py313hd8ed1ab_102 
  expat              conda-forge/linux-64::expat-2.7.1-hecca717_0 
  font-ttf-dejavu-s~ conda-forge/noarch::font-ttf-dejavu-sans-mono-2.37-hab24e00_0 
  font-ttf-inconsol~ conda-forge/noarch::font-ttf-inconsolata-3.000-h77eed37_0 
  font-ttf-source-c~ conda-forge/noarch::font-ttf-source-code-pro-2.038-h77eed37_0 
  font-ttf-ubuntu    conda-forge/noarch::font-ttf-ubuntu-0.83-h77eed37_3 
  fontconfig         conda-forge/linux-64::fontconfig-2.15.0-h7e30c49_1 
  fonts-conda-forge  conda-forge/noarch::fonts-conda-forge-1-0 
  freetype           conda-forge/linux-64::freetype-2.13.3-ha770c72_1 
  h2                 conda-forge/noarch::h2-4.3.0-pyhcf101f3_0 
  hpack              conda-forge/noarch::hpack-4.1.0-pyhd8ed1ab_0 
  humanfriendly      conda-forge/noarch::humanfriendly-10.0-pyh707e725_8 
  humanize           conda-forge/noarch::humanize-4.13.0-pyhd8ed1ab_0 
  hyperframe         conda-forge/noarch::hyperframe-6.1.0-pyhd8ed1ab_0 
  idna               conda-forge/noarch::idna-3.10-pyhd8ed1ab_1 
  importlib-metadata conda-forge/noarch::importlib-metadata-8.7.0-pyhe01879c_1 
  jinja2             conda-forge/noarch::jinja2-3.1.6-pyhd8ed1ab_0 
  jsonschema         conda-forge/noarch::jsonschema-4.25.1-pyhe01879c_0 
  jsonschema-specif~ conda-forge/noarch::jsonschema-specifications-2025.4.1-pyh29332c3_0 
  kaleido-core       conda-forge/linux-64::kaleido-core-0.2.1-h3644ca4_0 
  lcms2              conda-forge/linux-64::lcms2-2.17-h717163a_0 
  lerc               conda-forge/linux-64::lerc-4.0.0-h0aef613_1 
  libblas            conda-forge/linux-64::libblas-3.9.0-34_h59b9bed_openblas 
  libcblas           conda-forge/linux-64::libcblas-3.9.0-34_he106b2a_openblas 
  libfreetype        conda-forge/linux-64::libfreetype-2.13.3-ha770c72_1 
  libfreetype6       conda-forge/linux-64::libfreetype6-2.13.3-h48d6fc4_1 
  libjpeg-turbo      conda-forge/linux-64::libjpeg-turbo-3.1.0-hb9d3cd8_0 
  liblapack          conda-forge/linux-64::liblapack-3.9.0-34_h7ac8fdf_openblas 
  libopenblas        conda-forge/linux-64::libopenblas-0.3.30-pthreads_h94d23a6_2 
  libpng             conda-forge/linux-64::libpng-1.6.50-h421ea60_1 
  libtiff            conda-forge/linux-64::libtiff-4.7.0-h8261f1e_6 
  libwebp-base       conda-forge/linux-64::libwebp-base-1.6.0-hd42ef1d_0 
  libxcb             conda-forge/linux-64::libxcb-1.17.0-h8a09558_0 
  markdown           conda-forge/noarch::markdown-3.8.2-pyhd8ed1ab_0 
  markdown-it-py     conda-forge/noarch::markdown-it-py-4.0.0-pyhd8ed1ab_0 
  markupsafe         conda-forge/linux-64::markupsafe-3.0.2-py313h8060acc_1 
  mathjax            conda-forge/linux-64::mathjax-2.7.7-ha770c72_3 
  mdurl              conda-forge/noarch::mdurl-0.1.2-pyhd8ed1ab_1 
  multiqc            bioconda/noarch::multiqc-1.30-pyhdfd78af_1 
  narwhals           conda-forge/noarch::narwhals-2.2.0-pyhcf101f3_0 
  natsort            conda-forge/noarch::natsort-8.4.0-pyh29332c3_1 
  networkx           conda-forge/noarch::networkx-3.5-pyhe01879c_0 
  nspr               conda-forge/linux-64::nspr-4.37-h29cc59b_0 
  nss                conda-forge/linux-64::nss-3.115-hc3c8bcf_0 
  numpy              conda-forge/linux-64::numpy-2.3.2-py313hf6604e3_2 
  openjpeg           conda-forge/linux-64::openjpeg-2.5.3-h55fea9a_1 
  packaging          conda-forge/noarch::packaging-25.0-pyh29332c3_1 
  pillow             conda-forge/linux-64::pillow-11.3.0-py313h8db990d_0 
  plotly             conda-forge/noarch::plotly-6.3.0-pyhd8ed1ab_0 
  polars-lts-cpu     conda-forge/linux-64::polars-lts-cpu-1.32.3-py39h5734d0f_0 
  pthread-stubs      conda-forge/linux-64::pthread-stubs-0.4-hb9d3cd8_1002 
  pyaml-env          conda-forge/noarch::pyaml-env-1.2.2-pyhd8ed1ab_0 
  pycparser          conda-forge/noarch::pycparser-2.22-pyh29332c3_1 
  pydantic           conda-forge/noarch::pydantic-2.11.7-pyh3cfb1c2_0 
  pydantic-core      conda-forge/linux-64::pydantic-core-2.33.2-py313h4b2b08d_0 
  pygments           conda-forge/noarch::pygments-2.19.2-pyhd8ed1ab_0 
  pysocks            conda-forge/noarch::pysocks-1.7.1-pyha55dd90_7 
  python-dotenv      conda-forge/noarch::python-dotenv-1.1.1-pyhe01879c_0 
  python-gil         conda-forge/noarch::python-gil-3.13.5-h4df99d1_102 
  python-kaleido     conda-forge/noarch::python-kaleido-0.2.1-pyhd8ed1ab_0 
  pyyaml             conda-forge/linux-64::pyyaml-6.0.2-py313h8060acc_2 
  referencing        conda-forge/noarch::referencing-0.36.2-pyh29332c3_0 
  regex              conda-forge/linux-64::regex-2025.7.34-py313h07c4f96_0 
  requests           conda-forge/noarch::requests-2.32.5-pyhd8ed1ab_0 
  rich               conda-forge/noarch::rich-14.1.0-pyhe01879c_0 
  rich-click         conda-forge/noarch::rich-click-1.8.9-pyhd8ed1ab_0 
  rpds-py            conda-forge/linux-64::rpds-py-0.27.1-py313h843e2db_0 
  spectra            conda-forge/noarch::spectra-0.0.11-pyhd8ed1ab_2 
  sqlite             conda-forge/linux-64::sqlite-3.50.4-hbc0de68_0 
  tiktoken           conda-forge/linux-64::tiktoken-0.9.0-py313h3f234b3_0 
  tqdm               conda-forge/noarch::tqdm-4.67.1-pyhd8ed1ab_1 
  typeguard          conda-forge/noarch::typeguard-4.4.4-pyhd8ed1ab_0 
  typing-extensions  conda-forge/noarch::typing-extensions-4.15.0-h396c80c_0 
  typing-inspection  conda-forge/noarch::typing-inspection-0.4.1-pyhd8ed1ab_0 
  typing_extensions  conda-forge/noarch::typing_extensions-4.15.0-pyhcf101f3_0 
  urllib3            conda-forge/noarch::urllib3-2.5.0-pyhd8ed1ab_0 
  xorg-libxau        conda-forge/linux-64::xorg-libxau-1.0.12-hb9d3cd8_0 
  xorg-libxdmcp      conda-forge/linux-64::xorg-libxdmcp-1.1.5-hb9d3cd8_0 
  yaml               conda-forge/linux-64::yaml-0.2.5-h280c20c_3 
  zipp               conda-forge/noarch::zipp-3.23.0-pyhd8ed1ab_0 
  zstandard          conda-forge/linux-64::zstandard-0.23.0-py313h07c4f96_3 


Proceed ([y]/n)? y


Downloading and Extracting Packages:
                                                                                                                   
Preparing transaction: done                                                                                        
Verifying transaction: done                                                                                        
Executing transaction: done       
